// Jest Snapshot v1, https://goo.gl/fbAQLP

exports[`mount vue component 1`] = `
<div>
  <h1>Hello vue-yes</h1>
</div>
`;
